// Jest Snapshot v1, https://goo.gl/fbAQLP

exports[`LoadingIndicator tests LoadingIndicator must renders correctly 1`] = `
<ActivityIndicator
  animating={true}
  color="#e59f2b"
  hidesWhenStopped={true}
  size="large"
/>
`;
